[0.006s] Invoking command in '/home/user/code/dex-retargeting/example/vector_retargeting/build/manus_ros2_msgs': CMAKE_PREFIX_PATH=/opt/ros/humble /usr/bin/cmake /home/user/code/dex-retargeting/example/vector_retargeting/manus_ros2_msgs -DCMAKE_INSTALL_PREFIX=/home/user/code/dex-retargeting/example/vector_retargeting/install/manus_ros2_msgs
[0.052s] -- The C compiler identification is GNU 11.4.0
[0.085s] -- The CXX compiler identification is GNU 11.4.0
[0.091s] -- Detecting C compiler ABI info
[0.120s] -- Detecting C compiler ABI info - done
[0.122s] -- Check for working C compiler: /usr/bin/cc - skipped
[0.123s] -- Detecting C compile features
[0.123s] -- Detecting C compile features - done
[0.125s] -- Detecting CXX compiler ABI info
[0.155s] -- Detecting CXX compiler ABI info - done
[0.158s] -- Check for working CXX compiler: /usr/bin/c++ - skipped
[0.158s] -- Detecting CXX compile features
[0.158s] -- Detecting CXX compile features - done
[0.160s] -- Found ament_cmake: 1.3.12 (/opt/ros/humble/share/ament_cmake/cmake)
[0.318s] -- Found Python3: /usr/bin/python3 (found version "3.10.12") found components: Interpreter 
[0.365s] -- Found rclcpp: 16.0.15 (/opt/ros/humble/share/rclcpp/cmake)
[0.396s] -- Found rosidl_generator_c: 3.1.7 (/opt/ros/humble/share/rosidl_generator_c/cmake)
[0.399s] -- Found rosidl_adapter: 3.1.7 (/opt/ros/humble/share/rosidl_adapter/cmake)
[0.404s] -- Found rosidl_generator_cpp: 3.1.7 (/opt/ros/humble/share/rosidl_generator_cpp/cmake)
[0.413s] -- Using all available rosidl_typesupport_c: rosidl_typesupport_fastrtps_c;rosidl_typesupport_introspection_c
[0.425s] -- Using all available rosidl_typesupport_cpp: rosidl_typesupport_fastrtps_cpp;rosidl_typesupport_introspection_cpp
[0.455s] -- Found rmw_implementation_cmake: 6.1.2 (/opt/ros/humble/share/rmw_implementation_cmake/cmake)
[0.457s] -- Found rmw_fastrtps_cpp: 6.2.9 (/opt/ros/humble/share/rmw_fastrtps_cpp/cmake)
[0.501s] -- Found OpenSSL: /usr/lib/x86_64-linux-gnu/libcrypto.so (found version "3.0.2")  
[0.513s] -- Found FastRTPS: /opt/ros/humble/include  
[0.529s] -- Using RMW implementation 'rmw_fastrtps_cpp' as default
[0.535s] -- Looking for pthread.h
[0.566s] -- Looking for pthread.h - found
[0.566s] -- Performing Test CMAKE_HAVE_LIBC_PTHREAD
[0.593s] -- Performing Test CMAKE_HAVE_LIBC_PTHREAD - Success
[0.594s] -- Found Threads: TRUE  
[0.632s] -- Found geometry_msgs: 4.9.0 (/opt/ros/humble/share/geometry_msgs/cmake)
[0.642s] -- Found rosidl_default_generators: 1.2.0 (/opt/ros/humble/share/rosidl_default_generators/cmake)
[0.784s] -- Found ament_cmake_ros: 0.10.0 (/opt/ros/humble/share/ament_cmake_ros/cmake)
[0.977s] -- Using all available rosidl_typesupport_c: rosidl_typesupport_fastrtps_c;rosidl_typesupport_introspection_c
[1.051s] -- Using all available rosidl_typesupport_cpp: rosidl_typesupport_fastrtps_cpp;rosidl_typesupport_introspection_cpp
[1.064s] -- Found PythonInterp: /usr/bin/python3 (found suitable version "3.10.12", minimum required is "3.6") 
[1.065s] -- Found python_cmake_module: 0.10.0 (/opt/ros/humble/share/python_cmake_module/cmake)
[1.081s] -- Found PythonLibs: /usr/lib/x86_64-linux-gnu/libpython3.10.so (found suitable version "3.10.12", minimum required is "3.5") 
[1.081s] -- Using PYTHON_EXECUTABLE: /usr/bin/python3
[1.081s] -- Using PYTHON_INCLUDE_DIRS: /usr/include/python3.10
[1.081s] -- Using PYTHON_LIBRARIES: /usr/lib/x86_64-linux-gnu/libpython3.10.so
[1.093s] -- Found PythonExtra: .so  
[1.119s] -- Found ament_lint_auto: 0.12.14 (/opt/ros/humble/share/ament_lint_auto/cmake)
[1.133s] -- Added test 'lint_cmake' to check CMake code style
[1.134s] -- Added test 'xmllint' to check XML markup files
[1.135s] -- Configuring done
[1.147s] -- Generating done
[1.152s] -- Build files have been written to: /home/user/code/dex-retargeting/example/vector_retargeting/build/manus_ros2_msgs
[1.157s] Invoked command in '/home/user/code/dex-retargeting/example/vector_retargeting/build/manus_ros2_msgs' returned '0': CMAKE_PREFIX_PATH=/opt/ros/humble /usr/bin/cmake /home/user/code/dex-retargeting/example/vector_retargeting/manus_ros2_msgs -DCMAKE_INSTALL_PREFIX=/home/user/code/dex-retargeting/example/vector_retargeting/install/manus_ros2_msgs
[1.158s] Invoking command in '/home/user/code/dex-retargeting/example/vector_retargeting/build/manus_ros2_msgs': CMAKE_PREFIX_PATH=/opt/ros/humble /usr/bin/cmake --build /home/user/code/dex-retargeting/example/vector_retargeting/build/manus_ros2_msgs -- -j12 -l12
[1.174s] [  2%] [34m[1mGenerating C code for ROS interfaces[0m
[1.177s] [  5%] [34m[1mGenerating C++ code for ROS interfaces[0m
[1.179s] [  5%] Built target ament_cmake_python_copy_manus_ros2_msgs
[1.261s] running egg_info
[1.266s] creating manus_ros2_msgs.egg-info
[1.266s] writing manus_ros2_msgs.egg-info/PKG-INFO
[1.266s] writing dependency_links to manus_ros2_msgs.egg-info/dependency_links.txt
[1.267s] writing top-level names to manus_ros2_msgs.egg-info/top_level.txt
[1.267s] writing manifest file 'manus_ros2_msgs.egg-info/SOURCES.txt'
[1.283s] reading manifest file 'manus_ros2_msgs.egg-info/SOURCES.txt'
[1.283s] writing manifest file 'manus_ros2_msgs.egg-info/SOURCES.txt'
[1.298s] [  5%] Built target ament_cmake_python_build_manus_ros2_msgs_egg
[1.298s] [ 10%] Built target manus_ros2_msgs__cpp
[1.298s] [ 10%] [32mBuilding C object CMakeFiles/manus_ros2_msgs__rosidl_generator_c.dir/rosidl_generator_c/manus_ros2_msgs/msg/detail/manus_node_hierarchy__functions.c.o[0m
[1.298s] [ 10%] [32mBuilding C object CMakeFiles/manus_ros2_msgs__rosidl_generator_c.dir/rosidl_generator_c/manus_ros2_msgs/msg/detail/manus_node_poses__functions.c.o[0m
[1.302s] [ 12%] [34m[1mGenerating C++ type support dispatch for ROS interfaces[0m
[1.302s] [ 15%] [34m[1mGenerating C++ type support for eProsima Fast-RTPS[0m
[1.302s] [ 17%] [34m[1mGenerating C++ introspection for ROS interfaces[0m
[1.330s] [ 20%] [32m[1mLinking C shared library libmanus_ros2_msgs__rosidl_generator_c.so[0m
[1.346s] [ 20%] Built target manus_ros2_msgs__rosidl_generator_c
[1.350s] [ 23%] [34m[1mGenerating C introspection for ROS interfaces[0m
[1.350s] [ 28%] [34m[1mGenerating C type support dispatch for ROS interfaces[0m
[1.350s] [ 28%] [34m[1mGenerating C type support for eProsima Fast-RTPS[0m
[1.413s] [ 30%] [32mBuilding CXX object CMakeFiles/manus_ros2_msgs__rosidl_typesupport_cpp.dir/rosidl_typesupport_cpp/manus_ros2_msgs/msg/manus_node_hierarchy__type_support.cpp.o[0m
[1.415s] [ 33%] [32mBuilding CXX object CMakeFiles/manus_ros2_msgs__rosidl_typesupport_cpp.dir/rosidl_typesupport_cpp/manus_ros2_msgs/msg/manus_node_poses__type_support.cpp.o[0m
[1.419s] [ 35%] [32mBuilding CXX object CMakeFiles/manus_ros2_msgs__rosidl_typesupport_introspection_cpp.dir/rosidl_typesupport_introspection_cpp/manus_ros2_msgs/msg/detail/manus_node_hierarchy__type_support.cpp.o[0m
[1.419s] [ 38%] [32mBuilding CXX object CMakeFiles/manus_ros2_msgs__rosidl_typesupport_introspection_cpp.dir/rosidl_typesupport_introspection_cpp/manus_ros2_msgs/msg/detail/manus_node_poses__type_support.cpp.o[0m
[1.427s] [ 43%] [32mBuilding CXX object CMakeFiles/manus_ros2_msgs__rosidl_typesupport_fastrtps_cpp.dir/rosidl_typesupport_fastrtps_cpp/manus_ros2_msgs/msg/detail/dds_fastrtps/manus_node_poses__type_support.cpp.o[0m
[1.427s] [ 43%] [32mBuilding CXX object CMakeFiles/manus_ros2_msgs__rosidl_typesupport_fastrtps_cpp.dir/rosidl_typesupport_fastrtps_cpp/manus_ros2_msgs/msg/detail/dds_fastrtps/manus_node_hierarchy__type_support.cpp.o[0m
[1.462s] [ 46%] [32mBuilding CXX object CMakeFiles/manus_ros2_msgs__rosidl_typesupport_c.dir/rosidl_typesupport_c/manus_ros2_msgs/msg/manus_node_poses__type_support.cpp.o[0m
[1.462s] [ 48%] [32mBuilding CXX object CMakeFiles/manus_ros2_msgs__rosidl_typesupport_c.dir/rosidl_typesupport_c/manus_ros2_msgs/msg/manus_node_hierarchy__type_support.cpp.o[0m
[1.480s] [ 51%] [32m[1mLinking CXX shared library libmanus_ros2_msgs__rosidl_typesupport_c.so[0m
[1.499s] [ 51%] Built target manus_ros2_msgs__rosidl_typesupport_c
[1.503s] [ 53%] [32mBuilding CXX object CMakeFiles/manus_ros2_msgs__rosidl_typesupport_fastrtps_c.dir/rosidl_typesupport_fastrtps_c/manus_ros2_msgs/msg/detail/manus_node_hierarchy__type_support_c.cpp.o[0m
[1.504s] [ 56%] [32mBuilding CXX object CMakeFiles/manus_ros2_msgs__rosidl_typesupport_fastrtps_c.dir/rosidl_typesupport_fastrtps_c/manus_ros2_msgs/msg/detail/manus_node_poses__type_support_c.cpp.o[0m
[1.505s] [ 61%] [32mBuilding C object CMakeFiles/manus_ros2_msgs__rosidl_typesupport_introspection_c.dir/rosidl_typesupport_introspection_c/manus_ros2_msgs/msg/detail/manus_node_poses__type_support.c.o[0m
[1.505s] [ 61%] [32mBuilding C object CMakeFiles/manus_ros2_msgs__rosidl_typesupport_introspection_c.dir/rosidl_typesupport_introspection_c/manus_ros2_msgs/msg/detail/manus_node_hierarchy__type_support.c.o[0m
[1.534s] [ 64%] [32m[1mLinking C shared library libmanus_ros2_msgs__rosidl_typesupport_introspection_c.so[0m
[1.553s] [ 64%] Built target manus_ros2_msgs__rosidl_typesupport_introspection_c
[1.556s] [ 66%] [32m[1mLinking CXX shared library libmanus_ros2_msgs__rosidl_typesupport_cpp.so[0m
[1.575s] [ 66%] Built target manus_ros2_msgs__rosidl_typesupport_cpp
[1.640s] [ 69%] [32m[1mLinking CXX shared library libmanus_ros2_msgs__rosidl_typesupport_introspection_cpp.so[0m
[1.642s] [ 71%] [32m[1mLinking CXX shared library libmanus_ros2_msgs__rosidl_typesupport_fastrtps_cpp.so[0m
[1.648s] [ 74%] [32m[1mLinking CXX shared library libmanus_ros2_msgs__rosidl_typesupport_fastrtps_c.so[0m
[1.675s] [ 74%] Built target manus_ros2_msgs__rosidl_typesupport_introspection_cpp
[1.676s] [ 74%] Built target manus_ros2_msgs__rosidl_typesupport_fastrtps_cpp
[1.682s] [ 74%] Built target manus_ros2_msgs__rosidl_typesupport_fastrtps_c
[1.688s] [ 74%] Built target manus_ros2_msgs
[1.695s] [ 76%] [34m[1mGenerating Python code for ROS interfaces[0m
[1.849s] [ 76%] Built target manus_ros2_msgs__py
[1.856s] [ 82%] [32mBuilding C object CMakeFiles/manus_ros2_msgs__rosidl_generator_py.dir/rosidl_generator_py/manus_ros2_msgs/msg/_manus_node_hierarchy_s.c.o[0m
[1.856s] [ 82%] [32mBuilding C object CMakeFiles/manus_ros2_msgs__rosidl_generator_py.dir/rosidl_generator_py/manus_ros2_msgs/msg/_manus_node_poses_s.c.o[0m
[1.917s] [ 84%] [32m[1mLinking C shared library rosidl_generator_py/manus_ros2_msgs/libmanus_ros2_msgs__rosidl_generator_py.so[0m
[1.933s] [ 84%] Built target manus_ros2_msgs__rosidl_generator_py
[1.940s] [ 87%] [32mBuilding C object CMakeFiles/manus_ros2_msgs__rosidl_typesupport_introspection_c__pyext.dir/rosidl_generator_py/manus_ros2_msgs/_manus_ros2_msgs_s.ep.rosidl_typesupport_introspection_c.c.o[0m
[1.940s] [ 89%] [32mBuilding C object CMakeFiles/manus_ros2_msgs__rosidl_typesupport_fastrtps_c__pyext.dir/rosidl_generator_py/manus_ros2_msgs/_manus_ros2_msgs_s.ep.rosidl_typesupport_fastrtps_c.c.o[0m
[1.940s] [ 92%] [32mBuilding C object CMakeFiles/manus_ros2_msgs__rosidl_typesupport_c__pyext.dir/rosidl_generator_py/manus_ros2_msgs/_manus_ros2_msgs_s.ep.rosidl_typesupport_c.c.o[0m
[1.978s] [100%] [32m[1mLinking C shared library rosidl_generator_py/manus_ros2_msgs/manus_ros2_msgs_s__rosidl_typesupport_fastrtps_c.cpython-310-x86_64-linux-gnu.so[0m
[1.978s] [100%] [32m[1mLinking C shared library rosidl_generator_py/manus_ros2_msgs/manus_ros2_msgs_s__rosidl_typesupport_introspection_c.cpython-310-x86_64-linux-gnu.so[0m
[1.978s] [100%] [32m[1mLinking C shared library rosidl_generator_py/manus_ros2_msgs/manus_ros2_msgs_s__rosidl_typesupport_c.cpython-310-x86_64-linux-gnu.so[0m
[1.993s] [100%] Built target manus_ros2_msgs__rosidl_typesupport_fastrtps_c__pyext
[1.993s] [100%] Built target manus_ros2_msgs__rosidl_typesupport_introspection_c__pyext
[1.993s] [100%] Built target manus_ros2_msgs__rosidl_typesupport_c__pyext
[1.997s] Invoked command in '/home/user/code/dex-retargeting/example/vector_retargeting/build/manus_ros2_msgs' returned '0': CMAKE_PREFIX_PATH=/opt/ros/humble /usr/bin/cmake --build /home/user/code/dex-retargeting/example/vector_retargeting/build/manus_ros2_msgs -- -j12 -l12
[2.000s] Invoking command in '/home/user/code/dex-retargeting/example/vector_retargeting/build/manus_ros2_msgs': CMAKE_PREFIX_PATH=/opt/ros/humble /usr/bin/cmake --install /home/user/code/dex-retargeting/example/vector_retargeting/build/manus_ros2_msgs
[2.003s] -- Install configuration: ""
[2.003s] -- Installing: /home/user/code/dex-retargeting/example/vector_retargeting/install/manus_ros2_msgs/share/ament_index/resource_index/rosidl_interfaces/manus_ros2_msgs
[2.003s] -- Installing: /home/user/code/dex-retargeting/example/vector_retargeting/install/manus_ros2_msgs/include/manus_ros2_msgs/manus_ros2_msgs
[2.003s] -- Installing: /home/user/code/dex-retargeting/example/vector_retargeting/install/manus_ros2_msgs/include/manus_ros2_msgs/manus_ros2_msgs/msg
[2.003s] -- Installing: /home/user/code/dex-retargeting/example/vector_retargeting/install/manus_ros2_msgs/include/manus_ros2_msgs/manus_ros2_msgs/msg/manus_node_poses.h
[2.003s] -- Installing: /home/user/code/dex-retargeting/example/vector_retargeting/install/manus_ros2_msgs/include/manus_ros2_msgs/manus_ros2_msgs/msg/detail
[2.003s] -- Installing: /home/user/code/dex-retargeting/example/vector_retargeting/install/manus_ros2_msgs/include/manus_ros2_msgs/manus_ros2_msgs/msg/detail/manus_node_poses__functions.c
[2.003s] -- Installing: /home/user/code/dex-retargeting/example/vector_retargeting/install/manus_ros2_msgs/include/manus_ros2_msgs/manus_ros2_msgs/msg/detail/manus_node_poses__type_support.h
[2.003s] -- Installing: /home/user/code/dex-retargeting/example/vector_retargeting/install/manus_ros2_msgs/include/manus_ros2_msgs/manus_ros2_msgs/msg/detail/manus_node_poses__struct.h
[2.003s] -- Installing: /home/user/code/dex-retargeting/example/vector_retargeting/install/manus_ros2_msgs/include/manus_ros2_msgs/manus_ros2_msgs/msg/detail/manus_node_hierarchy__type_support.h
[2.003s] -- Installing: /home/user/code/dex-retargeting/example/vector_retargeting/install/manus_ros2_msgs/include/manus_ros2_msgs/manus_ros2_msgs/msg/detail/manus_node_hierarchy__struct.h
[2.004s] -- Installing: /home/user/code/dex-retargeting/example/vector_retargeting/install/manus_ros2_msgs/include/manus_ros2_msgs/manus_ros2_msgs/msg/detail/manus_node_hierarchy__functions.h
[2.004s] -- Installing: /home/user/code/dex-retargeting/example/vector_retargeting/install/manus_ros2_msgs/include/manus_ros2_msgs/manus_ros2_msgs/msg/detail/manus_node_poses__functions.h
[2.004s] -- Installing: /home/user/code/dex-retargeting/example/vector_retargeting/install/manus_ros2_msgs/include/manus_ros2_msgs/manus_ros2_msgs/msg/detail/manus_node_hierarchy__functions.c
[2.004s] -- Installing: /home/user/code/dex-retargeting/example/vector_retargeting/install/manus_ros2_msgs/include/manus_ros2_msgs/manus_ros2_msgs/msg/rosidl_generator_c__visibility_control.h
[2.004s] -- Installing: /home/user/code/dex-retargeting/example/vector_retargeting/install/manus_ros2_msgs/include/manus_ros2_msgs/manus_ros2_msgs/msg/manus_node_hierarchy.h
[2.004s] -- Installing: /home/user/code/dex-retargeting/example/vector_retargeting/install/manus_ros2_msgs/share/manus_ros2_msgs/environment/library_path.sh
[2.004s] -- Installing: /home/user/code/dex-retargeting/example/vector_retargeting/install/manus_ros2_msgs/share/manus_ros2_msgs/environment/library_path.dsv
[2.004s] -- Installing: /home/user/code/dex-retargeting/example/vector_retargeting/install/manus_ros2_msgs/lib/libmanus_ros2_msgs__rosidl_generator_c.so
[2.004s] -- Set runtime path of "/home/user/code/dex-retargeting/example/vector_retargeting/install/manus_ros2_msgs/lib/libmanus_ros2_msgs__rosidl_generator_c.so" to ""
[2.004s] -- Up-to-date: /home/user/code/dex-retargeting/example/vector_retargeting/install/manus_ros2_msgs/include/manus_ros2_msgs/manus_ros2_msgs
[2.004s] -- Up-to-date: /home/user/code/dex-retargeting/example/vector_retargeting/install/manus_ros2_msgs/include/manus_ros2_msgs/manus_ros2_msgs/msg
[2.004s] -- Installing: /home/user/code/dex-retargeting/example/vector_retargeting/install/manus_ros2_msgs/include/manus_ros2_msgs/manus_ros2_msgs/msg/rosidl_typesupport_fastrtps_c__visibility_control.h
[2.004s] -- Up-to-date: /home/user/code/dex-retargeting/example/vector_retargeting/install/manus_ros2_msgs/include/manus_ros2_msgs/manus_ros2_msgs/msg/detail
[2.004s] -- Installing: /home/user/code/dex-retargeting/example/vector_retargeting/install/manus_ros2_msgs/include/manus_ros2_msgs/manus_ros2_msgs/msg/detail/manus_node_hierarchy__rosidl_typesupport_fastrtps_c.h
[2.004s] -- Installing: /home/user/code/dex-retargeting/example/vector_retargeting/install/manus_ros2_msgs/include/manus_ros2_msgs/manus_ros2_msgs/msg/detail/manus_node_poses__rosidl_typesupport_fastrtps_c.h
[2.004s] -- Installing: /home/user/code/dex-retargeting/example/vector_retargeting/install/manus_ros2_msgs/lib/libmanus_ros2_msgs__rosidl_typesupport_fastrtps_c.so
[2.004s] -- Set runtime path of "/home/user/code/dex-retargeting/example/vector_retargeting/install/manus_ros2_msgs/lib/libmanus_ros2_msgs__rosidl_typesupport_fastrtps_c.so" to ""
[2.004s] -- Up-to-date: /home/user/code/dex-retargeting/example/vector_retargeting/install/manus_ros2_msgs/include/manus_ros2_msgs/manus_ros2_msgs
[2.004s] -- Up-to-date: /home/user/code/dex-retargeting/example/vector_retargeting/install/manus_ros2_msgs/include/manus_ros2_msgs/manus_ros2_msgs/msg
[2.004s] -- Installing: /home/user/code/dex-retargeting/example/vector_retargeting/install/manus_ros2_msgs/include/manus_ros2_msgs/manus_ros2_msgs/msg/rosidl_generator_cpp__visibility_control.hpp
[2.004s] -- Installing: /home/user/code/dex-retargeting/example/vector_retargeting/install/manus_ros2_msgs/include/manus_ros2_msgs/manus_ros2_msgs/msg/manus_node_hierarchy.hpp
[2.004s] -- Up-to-date: /home/user/code/dex-retargeting/example/vector_retargeting/install/manus_ros2_msgs/include/manus_ros2_msgs/manus_ros2_msgs/msg/detail
[2.004s] -- Installing: /home/user/code/dex-retargeting/example/vector_retargeting/install/manus_ros2_msgs/include/manus_ros2_msgs/manus_ros2_msgs/msg/detail/manus_node_hierarchy__struct.hpp
[2.004s] -- Installing: /home/user/code/dex-retargeting/example/vector_retargeting/install/manus_ros2_msgs/include/manus_ros2_msgs/manus_ros2_msgs/msg/detail/manus_node_poses__traits.hpp
[2.004s] -- Installing: /home/user/code/dex-retargeting/example/vector_retargeting/install/manus_ros2_msgs/include/manus_ros2_msgs/manus_ros2_msgs/msg/detail/manus_node_hierarchy__traits.hpp
[2.004s] -- Installing: /home/user/code/dex-retargeting/example/vector_retargeting/install/manus_ros2_msgs/include/manus_ros2_msgs/manus_ros2_msgs/msg/detail/manus_node_poses__type_support.hpp
[2.004s] -- Installing: /home/user/code/dex-retargeting/example/vector_retargeting/install/manus_ros2_msgs/include/manus_ros2_msgs/manus_ros2_msgs/msg/detail/manus_node_hierarchy__type_support.hpp
[2.005s] -- Installing: /home/user/code/dex-retargeting/example/vector_retargeting/install/manus_ros2_msgs/include/manus_ros2_msgs/manus_ros2_msgs/msg/detail/manus_node_hierarchy__builder.hpp
[2.005s] -- Installing: /home/user/code/dex-retargeting/example/vector_retargeting/install/manus_ros2_msgs/include/manus_ros2_msgs/manus_ros2_msgs/msg/detail/manus_node_poses__struct.hpp
[2.005s] -- Installing: /home/user/code/dex-retargeting/example/vector_retargeting/install/manus_ros2_msgs/include/manus_ros2_msgs/manus_ros2_msgs/msg/detail/manus_node_poses__builder.hpp
[2.005s] -- Installing: /home/user/code/dex-retargeting/example/vector_retargeting/install/manus_ros2_msgs/include/manus_ros2_msgs/manus_ros2_msgs/msg/manus_node_poses.hpp
[2.005s] -- Up-to-date: /home/user/code/dex-retargeting/example/vector_retargeting/install/manus_ros2_msgs/include/manus_ros2_msgs/manus_ros2_msgs
[2.005s] -- Up-to-date: /home/user/code/dex-retargeting/example/vector_retargeting/install/manus_ros2_msgs/include/manus_ros2_msgs/manus_ros2_msgs/msg
[2.005s] -- Up-to-date: /home/user/code/dex-retargeting/example/vector_retargeting/install/manus_ros2_msgs/include/manus_ros2_msgs/manus_ros2_msgs/msg/detail
[2.005s] -- Installing: /home/user/code/dex-retargeting/example/vector_retargeting/install/manus_ros2_msgs/include/manus_ros2_msgs/manus_ros2_msgs/msg/detail/manus_node_poses__rosidl_typesupport_fastrtps_cpp.hpp
[2.005s] -- Installing: /home/user/code/dex-retargeting/example/vector_retargeting/install/manus_ros2_msgs/include/manus_ros2_msgs/manus_ros2_msgs/msg/detail/manus_node_hierarchy__rosidl_typesupport_fastrtps_cpp.hpp
[2.005s] -- Installing: /home/user/code/dex-retargeting/example/vector_retargeting/install/manus_ros2_msgs/include/manus_ros2_msgs/manus_ros2_msgs/msg/detail/dds_fastrtps
[2.005s] -- Installing: /home/user/code/dex-retargeting/example/vector_retargeting/install/manus_ros2_msgs/include/manus_ros2_msgs/manus_ros2_msgs/msg/rosidl_typesupport_fastrtps_cpp__visibility_control.h
[2.005s] -- Installing: /home/user/code/dex-retargeting/example/vector_retargeting/install/manus_ros2_msgs/lib/libmanus_ros2_msgs__rosidl_typesupport_fastrtps_cpp.so
[2.005s] -- Set runtime path of "/home/user/code/dex-retargeting/example/vector_retargeting/install/manus_ros2_msgs/lib/libmanus_ros2_msgs__rosidl_typesupport_fastrtps_cpp.so" to ""
[2.005s] -- Up-to-date: /home/user/code/dex-retargeting/example/vector_retargeting/install/manus_ros2_msgs/include/manus_ros2_msgs/manus_ros2_msgs
[2.005s] -- Up-to-date: /home/user/code/dex-retargeting/example/vector_retargeting/install/manus_ros2_msgs/include/manus_ros2_msgs/manus_ros2_msgs/msg
[2.005s] -- Up-to-date: /home/user/code/dex-retargeting/example/vector_retargeting/install/manus_ros2_msgs/include/manus_ros2_msgs/manus_ros2_msgs/msg/detail
[2.005s] -- Installing: /home/user/code/dex-retargeting/example/vector_retargeting/install/manus_ros2_msgs/include/manus_ros2_msgs/manus_ros2_msgs/msg/detail/manus_node_hierarchy__rosidl_typesupport_introspection_c.h
[2.005s] -- Installing: /home/user/code/dex-retargeting/example/vector_retargeting/install/manus_ros2_msgs/include/manus_ros2_msgs/manus_ros2_msgs/msg/detail/manus_node_poses__rosidl_typesupport_introspection_c.h
[2.005s] -- Installing: /home/user/code/dex-retargeting/example/vector_retargeting/install/manus_ros2_msgs/include/manus_ros2_msgs/manus_ros2_msgs/msg/detail/manus_node_hierarchy__type_support.c
[2.005s] -- Installing: /home/user/code/dex-retargeting/example/vector_retargeting/install/manus_ros2_msgs/include/manus_ros2_msgs/manus_ros2_msgs/msg/detail/manus_node_poses__type_support.c
[2.005s] -- Installing: /home/user/code/dex-retargeting/example/vector_retargeting/install/manus_ros2_msgs/include/manus_ros2_msgs/manus_ros2_msgs/msg/rosidl_typesupport_introspection_c__visibility_control.h
[2.005s] -- Installing: /home/user/code/dex-retargeting/example/vector_retargeting/install/manus_ros2_msgs/lib/libmanus_ros2_msgs__rosidl_typesupport_introspection_c.so
[2.005s] -- Set runtime path of "/home/user/code/dex-retargeting/example/vector_retargeting/install/manus_ros2_msgs/lib/libmanus_ros2_msgs__rosidl_typesupport_introspection_c.so" to ""
[2.005s] -- Installing: /home/user/code/dex-retargeting/example/vector_retargeting/install/manus_ros2_msgs/lib/libmanus_ros2_msgs__rosidl_typesupport_c.so
[2.006s] -- Set runtime path of "/home/user/code/dex-retargeting/example/vector_retargeting/install/manus_ros2_msgs/lib/libmanus_ros2_msgs__rosidl_typesupport_c.so" to ""
[2.006s] -- Up-to-date: /home/user/code/dex-retargeting/example/vector_retargeting/install/manus_ros2_msgs/include/manus_ros2_msgs/manus_ros2_msgs
[2.006s] -- Up-to-date: /home/user/code/dex-retargeting/example/vector_retargeting/install/manus_ros2_msgs/include/manus_ros2_msgs/manus_ros2_msgs/msg
[2.006s] -- Up-to-date: /home/user/code/dex-retargeting/example/vector_retargeting/install/manus_ros2_msgs/include/manus_ros2_msgs/manus_ros2_msgs/msg/detail
[2.006s] -- Installing: /home/user/code/dex-retargeting/example/vector_retargeting/install/manus_ros2_msgs/include/manus_ros2_msgs/manus_ros2_msgs/msg/detail/manus_node_poses__rosidl_typesupport_introspection_cpp.hpp
[2.006s] -- Installing: /home/user/code/dex-retargeting/example/vector_retargeting/install/manus_ros2_msgs/include/manus_ros2_msgs/manus_ros2_msgs/msg/detail/manus_node_hierarchy__type_support.cpp
[2.006s] -- Installing: /home/user/code/dex-retargeting/example/vector_retargeting/install/manus_ros2_msgs/include/manus_ros2_msgs/manus_ros2_msgs/msg/detail/manus_node_hierarchy__rosidl_typesupport_introspection_cpp.hpp
[2.006s] -- Installing: /home/user/code/dex-retargeting/example/vector_retargeting/install/manus_ros2_msgs/include/manus_ros2_msgs/manus_ros2_msgs/msg/detail/manus_node_poses__type_support.cpp
[2.006s] -- Installing: /home/user/code/dex-retargeting/example/vector_retargeting/install/manus_ros2_msgs/lib/libmanus_ros2_msgs__rosidl_typesupport_introspection_cpp.so
[2.006s] -- Set runtime path of "/home/user/code/dex-retargeting/example/vector_retargeting/install/manus_ros2_msgs/lib/libmanus_ros2_msgs__rosidl_typesupport_introspection_cpp.so" to ""
[2.006s] -- Installing: /home/user/code/dex-retargeting/example/vector_retargeting/install/manus_ros2_msgs/lib/libmanus_ros2_msgs__rosidl_typesupport_cpp.so
[2.006s] -- Set runtime path of "/home/user/code/dex-retargeting/example/vector_retargeting/install/manus_ros2_msgs/lib/libmanus_ros2_msgs__rosidl_typesupport_cpp.so" to ""
[2.006s] -- Installing: /home/user/code/dex-retargeting/example/vector_retargeting/install/manus_ros2_msgs/share/manus_ros2_msgs/environment/pythonpath.sh
[2.006s] -- Installing: /home/user/code/dex-retargeting/example/vector_retargeting/install/manus_ros2_msgs/share/manus_ros2_msgs/environment/pythonpath.dsv
[2.006s] -- Installing: /home/user/code/dex-retargeting/example/vector_retargeting/install/manus_ros2_msgs/local/lib/python3.10/dist-packages/manus_ros2_msgs-0.0.0-py3.10.egg-info
[2.006s] -- Installing: /home/user/code/dex-retargeting/example/vector_retargeting/install/manus_ros2_msgs/local/lib/python3.10/dist-packages/manus_ros2_msgs-0.0.0-py3.10.egg-info/PKG-INFO
[2.006s] -- Installing: /home/user/code/dex-retargeting/example/vector_retargeting/install/manus_ros2_msgs/local/lib/python3.10/dist-packages/manus_ros2_msgs-0.0.0-py3.10.egg-info/top_level.txt
[2.006s] -- Installing: /home/user/code/dex-retargeting/example/vector_retargeting/install/manus_ros2_msgs/local/lib/python3.10/dist-packages/manus_ros2_msgs-0.0.0-py3.10.egg-info/dependency_links.txt
[2.006s] -- Installing: /home/user/code/dex-retargeting/example/vector_retargeting/install/manus_ros2_msgs/local/lib/python3.10/dist-packages/manus_ros2_msgs-0.0.0-py3.10.egg-info/SOURCES.txt
[2.006s] -- Installing: /home/user/code/dex-retargeting/example/vector_retargeting/install/manus_ros2_msgs/local/lib/python3.10/dist-packages/manus_ros2_msgs
[2.006s] -- Installing: /home/user/code/dex-retargeting/example/vector_retargeting/install/manus_ros2_msgs/local/lib/python3.10/dist-packages/manus_ros2_msgs/_manus_ros2_msgs_s.ep.rosidl_typesupport_introspection_c.c
[2.006s] -- Installing: /home/user/code/dex-retargeting/example/vector_retargeting/install/manus_ros2_msgs/local/lib/python3.10/dist-packages/manus_ros2_msgs/_manus_ros2_msgs_s.ep.rosidl_typesupport_c.c
[2.007s] -- Installing: /home/user/code/dex-retargeting/example/vector_retargeting/install/manus_ros2_msgs/local/lib/python3.10/dist-packages/manus_ros2_msgs/manus_ros2_msgs_s__rosidl_typesupport_introspection_c.cpython-310-x86_64-linux-gnu.so
[2.007s] -- Installing: /home/user/code/dex-retargeting/example/vector_retargeting/install/manus_ros2_msgs/local/lib/python3.10/dist-packages/manus_ros2_msgs/msg
[2.007s] -- Installing: /home/user/code/dex-retargeting/example/vector_retargeting/install/manus_ros2_msgs/local/lib/python3.10/dist-packages/manus_ros2_msgs/msg/_manus_node_poses.py
[2.007s] -- Installing: /home/user/code/dex-retargeting/example/vector_retargeting/install/manus_ros2_msgs/local/lib/python3.10/dist-packages/manus_ros2_msgs/msg/_manus_node_hierarchy.py
[2.007s] -- Installing: /home/user/code/dex-retargeting/example/vector_retargeting/install/manus_ros2_msgs/local/lib/python3.10/dist-packages/manus_ros2_msgs/msg/_manus_node_hierarchy_s.c
[2.007s] -- Installing: /home/user/code/dex-retargeting/example/vector_retargeting/install/manus_ros2_msgs/local/lib/python3.10/dist-packages/manus_ros2_msgs/msg/_manus_node_poses_s.c
[2.007s] -- Installing: /home/user/code/dex-retargeting/example/vector_retargeting/install/manus_ros2_msgs/local/lib/python3.10/dist-packages/manus_ros2_msgs/msg/__init__.py
[2.007s] -- Installing: /home/user/code/dex-retargeting/example/vector_retargeting/install/manus_ros2_msgs/local/lib/python3.10/dist-packages/manus_ros2_msgs/libmanus_ros2_msgs__rosidl_generator_py.so
[2.007s] -- Installing: /home/user/code/dex-retargeting/example/vector_retargeting/install/manus_ros2_msgs/local/lib/python3.10/dist-packages/manus_ros2_msgs/manus_ros2_msgs_s__rosidl_typesupport_c.cpython-310-x86_64-linux-gnu.so
[2.007s] -- Installing: /home/user/code/dex-retargeting/example/vector_retargeting/install/manus_ros2_msgs/local/lib/python3.10/dist-packages/manus_ros2_msgs/_manus_ros2_msgs_s.ep.rosidl_typesupport_fastrtps_c.c
[2.007s] -- Installing: /home/user/code/dex-retargeting/example/vector_retargeting/install/manus_ros2_msgs/local/lib/python3.10/dist-packages/manus_ros2_msgs/__init__.py
[2.007s] -- Installing: /home/user/code/dex-retargeting/example/vector_retargeting/install/manus_ros2_msgs/local/lib/python3.10/dist-packages/manus_ros2_msgs/manus_ros2_msgs_s__rosidl_typesupport_fastrtps_c.cpython-310-x86_64-linux-gnu.so
[2.022s] Listing '/home/user/code/dex-retargeting/example/vector_retargeting/install/manus_ros2_msgs/local/lib/python3.10/dist-packages/manus_ros2_msgs'...
[2.022s] Compiling '/home/user/code/dex-retargeting/example/vector_retargeting/install/manus_ros2_msgs/local/lib/python3.10/dist-packages/manus_ros2_msgs/__init__.py'...
[2.022s] Listing '/home/user/code/dex-retargeting/example/vector_retargeting/install/manus_ros2_msgs/local/lib/python3.10/dist-packages/manus_ros2_msgs/msg'...
[2.022s] Compiling '/home/user/code/dex-retargeting/example/vector_retargeting/install/manus_ros2_msgs/local/lib/python3.10/dist-packages/manus_ros2_msgs/msg/__init__.py'...
[2.022s] Compiling '/home/user/code/dex-retargeting/example/vector_retargeting/install/manus_ros2_msgs/local/lib/python3.10/dist-packages/manus_ros2_msgs/msg/_manus_node_hierarchy.py'...
[2.022s] Compiling '/home/user/code/dex-retargeting/example/vector_retargeting/install/manus_ros2_msgs/local/lib/python3.10/dist-packages/manus_ros2_msgs/msg/_manus_node_poses.py'...
[2.024s] -- Installing: /home/user/code/dex-retargeting/example/vector_retargeting/install/manus_ros2_msgs/local/lib/python3.10/dist-packages/manus_ros2_msgs/manus_ros2_msgs_s__rosidl_typesupport_fastrtps_c.cpython-310-x86_64-linux-gnu.so
[2.024s] -- Set runtime path of "/home/user/code/dex-retargeting/example/vector_retargeting/install/manus_ros2_msgs/local/lib/python3.10/dist-packages/manus_ros2_msgs/manus_ros2_msgs_s__rosidl_typesupport_fastrtps_c.cpython-310-x86_64-linux-gnu.so" to ""
[2.024s] -- Installing: /home/user/code/dex-retargeting/example/vector_retargeting/install/manus_ros2_msgs/local/lib/python3.10/dist-packages/manus_ros2_msgs/manus_ros2_msgs_s__rosidl_typesupport_introspection_c.cpython-310-x86_64-linux-gnu.so
[2.024s] -- Set runtime path of "/home/user/code/dex-retargeting/example/vector_retargeting/install/manus_ros2_msgs/local/lib/python3.10/dist-packages/manus_ros2_msgs/manus_ros2_msgs_s__rosidl_typesupport_introspection_c.cpython-310-x86_64-linux-gnu.so" to ""
[2.024s] -- Installing: /home/user/code/dex-retargeting/example/vector_retargeting/install/manus_ros2_msgs/local/lib/python3.10/dist-packages/manus_ros2_msgs/manus_ros2_msgs_s__rosidl_typesupport_c.cpython-310-x86_64-linux-gnu.so
[2.025s] -- Set runtime path of "/home/user/code/dex-retargeting/example/vector_retargeting/install/manus_ros2_msgs/local/lib/python3.10/dist-packages/manus_ros2_msgs/manus_ros2_msgs_s__rosidl_typesupport_c.cpython-310-x86_64-linux-gnu.so" to ""
[2.025s] -- Installing: /home/user/code/dex-retargeting/example/vector_retargeting/install/manus_ros2_msgs/lib/libmanus_ros2_msgs__rosidl_generator_py.so
[2.025s] -- Set runtime path of "/home/user/code/dex-retargeting/example/vector_retargeting/install/manus_ros2_msgs/lib/libmanus_ros2_msgs__rosidl_generator_py.so" to ""
[2.025s] -- Installing: /home/user/code/dex-retargeting/example/vector_retargeting/install/manus_ros2_msgs/share/manus_ros2_msgs/msg/ManusNodeHierarchy.idl
[2.025s] -- Installing: /home/user/code/dex-retargeting/example/vector_retargeting/install/manus_ros2_msgs/share/manus_ros2_msgs/msg/ManusNodePoses.idl
[2.025s] -- Installing: /home/user/code/dex-retargeting/example/vector_retargeting/install/manus_ros2_msgs/share/manus_ros2_msgs/msg/ManusNodeHierarchy.msg
[2.025s] -- Installing: /home/user/code/dex-retargeting/example/vector_retargeting/install/manus_ros2_msgs/share/manus_ros2_msgs/msg/ManusNodePoses.msg
[2.025s] -- Installing: /home/user/code/dex-retargeting/example/vector_retargeting/install/manus_ros2_msgs/share/ament_index/resource_index/package_run_dependencies/manus_ros2_msgs
[2.025s] -- Installing: /home/user/code/dex-retargeting/example/vector_retargeting/install/manus_ros2_msgs/share/ament_index/resource_index/parent_prefix_path/manus_ros2_msgs
[2.025s] -- Installing: /home/user/code/dex-retargeting/example/vector_retargeting/install/manus_ros2_msgs/share/manus_ros2_msgs/environment/ament_prefix_path.sh
[2.025s] -- Installing: /home/user/code/dex-retargeting/example/vector_retargeting/install/manus_ros2_msgs/share/manus_ros2_msgs/environment/ament_prefix_path.dsv
[2.025s] -- Installing: /home/user/code/dex-retargeting/example/vector_retargeting/install/manus_ros2_msgs/share/manus_ros2_msgs/environment/path.sh
[2.025s] -- Installing: /home/user/code/dex-retargeting/example/vector_retargeting/install/manus_ros2_msgs/share/manus_ros2_msgs/environment/path.dsv
[2.025s] -- Installing: /home/user/code/dex-retargeting/example/vector_retargeting/install/manus_ros2_msgs/share/manus_ros2_msgs/local_setup.bash
[2.025s] -- Installing: /home/user/code/dex-retargeting/example/vector_retargeting/install/manus_ros2_msgs/share/manus_ros2_msgs/local_setup.sh
[2.025s] -- Installing: /home/user/code/dex-retargeting/example/vector_retargeting/install/manus_ros2_msgs/share/manus_ros2_msgs/local_setup.zsh
[2.025s] -- Installing: /home/user/code/dex-retargeting/example/vector_retargeting/install/manus_ros2_msgs/share/manus_ros2_msgs/local_setup.dsv
[2.025s] -- Installing: /home/user/code/dex-retargeting/example/vector_retargeting/install/manus_ros2_msgs/share/manus_ros2_msgs/package.dsv
[2.025s] -- Installing: /home/user/code/dex-retargeting/example/vector_retargeting/install/manus_ros2_msgs/share/ament_index/resource_index/packages/manus_ros2_msgs
[2.025s] -- Installing: /home/user/code/dex-retargeting/example/vector_retargeting/install/manus_ros2_msgs/share/manus_ros2_msgs/cmake/export_manus_ros2_msgs__rosidl_generator_cExport.cmake
[2.025s] -- Installing: /home/user/code/dex-retargeting/example/vector_retargeting/install/manus_ros2_msgs/share/manus_ros2_msgs/cmake/export_manus_ros2_msgs__rosidl_generator_cExport-noconfig.cmake
[2.025s] -- Installing: /home/user/code/dex-retargeting/example/vector_retargeting/install/manus_ros2_msgs/share/manus_ros2_msgs/cmake/export_manus_ros2_msgs__rosidl_typesupport_fastrtps_cExport.cmake
[2.025s] -- Installing: /home/user/code/dex-retargeting/example/vector_retargeting/install/manus_ros2_msgs/share/manus_ros2_msgs/cmake/export_manus_ros2_msgs__rosidl_typesupport_fastrtps_cExport-noconfig.cmake
[2.025s] -- Installing: /home/user/code/dex-retargeting/example/vector_retargeting/install/manus_ros2_msgs/share/manus_ros2_msgs/cmake/export_manus_ros2_msgs__rosidl_generator_cppExport.cmake
[2.025s] -- Installing: /home/user/code/dex-retargeting/example/vector_retargeting/install/manus_ros2_msgs/share/manus_ros2_msgs/cmake/export_manus_ros2_msgs__rosidl_typesupport_fastrtps_cppExport.cmake
[2.025s] -- Installing: /home/user/code/dex-retargeting/example/vector_retargeting/install/manus_ros2_msgs/share/manus_ros2_msgs/cmake/export_manus_ros2_msgs__rosidl_typesupport_fastrtps_cppExport-noconfig.cmake
[2.025s] -- Installing: /home/user/code/dex-retargeting/example/vector_retargeting/install/manus_ros2_msgs/share/manus_ros2_msgs/cmake/manus_ros2_msgs__rosidl_typesupport_introspection_cExport.cmake
[2.026s] -- Installing: /home/user/code/dex-retargeting/example/vector_retargeting/install/manus_ros2_msgs/share/manus_ros2_msgs/cmake/manus_ros2_msgs__rosidl_typesupport_introspection_cExport-noconfig.cmake
[2.026s] -- Installing: /home/user/code/dex-retargeting/example/vector_retargeting/install/manus_ros2_msgs/share/manus_ros2_msgs/cmake/manus_ros2_msgs__rosidl_typesupport_cExport.cmake
[2.026s] -- Installing: /home/user/code/dex-retargeting/example/vector_retargeting/install/manus_ros2_msgs/share/manus_ros2_msgs/cmake/manus_ros2_msgs__rosidl_typesupport_cExport-noconfig.cmake
[2.026s] -- Installing: /home/user/code/dex-retargeting/example/vector_retargeting/install/manus_ros2_msgs/share/manus_ros2_msgs/cmake/manus_ros2_msgs__rosidl_typesupport_introspection_cppExport.cmake
[2.026s] -- Installing: /home/user/code/dex-retargeting/example/vector_retargeting/install/manus_ros2_msgs/share/manus_ros2_msgs/cmake/manus_ros2_msgs__rosidl_typesupport_introspection_cppExport-noconfig.cmake
[2.026s] -- Installing: /home/user/code/dex-retargeting/example/vector_retargeting/install/manus_ros2_msgs/share/manus_ros2_msgs/cmake/manus_ros2_msgs__rosidl_typesupport_cppExport.cmake
[2.026s] -- Installing: /home/user/code/dex-retargeting/example/vector_retargeting/install/manus_ros2_msgs/share/manus_ros2_msgs/cmake/manus_ros2_msgs__rosidl_typesupport_cppExport-noconfig.cmake
[2.026s] -- Installing: /home/user/code/dex-retargeting/example/vector_retargeting/install/manus_ros2_msgs/share/manus_ros2_msgs/cmake/export_manus_ros2_msgs__rosidl_generator_pyExport.cmake
[2.026s] -- Installing: /home/user/code/dex-retargeting/example/vector_retargeting/install/manus_ros2_msgs/share/manus_ros2_msgs/cmake/export_manus_ros2_msgs__rosidl_generator_pyExport-noconfig.cmake
[2.026s] -- Installing: /home/user/code/dex-retargeting/example/vector_retargeting/install/manus_ros2_msgs/share/manus_ros2_msgs/cmake/rosidl_cmake-extras.cmake
[2.026s] -- Installing: /home/user/code/dex-retargeting/example/vector_retargeting/install/manus_ros2_msgs/share/manus_ros2_msgs/cmake/ament_cmake_export_dependencies-extras.cmake
[2.026s] -- Installing: /home/user/code/dex-retargeting/example/vector_retargeting/install/manus_ros2_msgs/share/manus_ros2_msgs/cmake/ament_cmake_export_include_directories-extras.cmake
[2.026s] -- Installing: /home/user/code/dex-retargeting/example/vector_retargeting/install/manus_ros2_msgs/share/manus_ros2_msgs/cmake/ament_cmake_export_libraries-extras.cmake
[2.026s] -- Installing: /home/user/code/dex-retargeting/example/vector_retargeting/install/manus_ros2_msgs/share/manus_ros2_msgs/cmake/ament_cmake_export_targets-extras.cmake
[2.026s] -- Installing: /home/user/code/dex-retargeting/example/vector_retargeting/install/manus_ros2_msgs/share/manus_ros2_msgs/cmake/rosidl_cmake_export_typesupport_targets-extras.cmake
[2.026s] -- Installing: /home/user/code/dex-retargeting/example/vector_retargeting/install/manus_ros2_msgs/share/manus_ros2_msgs/cmake/rosidl_cmake_export_typesupport_libraries-extras.cmake
[2.026s] -- Installing: /home/user/code/dex-retargeting/example/vector_retargeting/install/manus_ros2_msgs/share/manus_ros2_msgs/cmake/manus_ros2_msgsConfig.cmake
[2.026s] -- Installing: /home/user/code/dex-retargeting/example/vector_retargeting/install/manus_ros2_msgs/share/manus_ros2_msgs/cmake/manus_ros2_msgsConfig-version.cmake
[2.026s] -- Installing: /home/user/code/dex-retargeting/example/vector_retargeting/install/manus_ros2_msgs/share/manus_ros2_msgs/package.xml
[2.027s] Invoked command in '/home/user/code/dex-retargeting/example/vector_retargeting/build/manus_ros2_msgs' returned '0': CMAKE_PREFIX_PATH=/opt/ros/humble /usr/bin/cmake --install /home/user/code/dex-retargeting/example/vector_retargeting/build/manus_ros2_msgs
